// Jest Snapshot v1, https://goo.gl/fbAQLP

exports[`<AssemblyLineStageItem /> should match the snapshot 1`] = `"<div><button class=\\"animate__animated animate__fadeIn\\">item1</button></div>"`;
