// Jest Snapshot v1, https://goo.gl/fbAQLP

exports[`<AssemblyLine /> with no props should match the snapshot 1`] = `"<div class=\\"assembly-line\\"><div><span>Add an item: </span><input maxLength=\\"160\\" value=\\"\\"/></div><br/><hr/><div class=\\"assembly-line-pipeline hs\\"><div class=\\"assembly-line-stage\\" style=\\"width:200px\\"><h4>Idea</h4></div><div class=\\"assembly-line-stage\\" style=\\"width:200px\\"><h4>Development</h4></div><div class=\\"assembly-line-stage\\" style=\\"width:200px\\"><h4>Testing</h4></div><div class=\\"assembly-line-stage\\" style=\\"width:200px\\"><h4>Deployed</h4></div></div></div>"`;
